#-----------------------------------------------------------
# Vivado v2018.2.2 (64-bit)
# SW Build 2348494 on Mon Oct  1 18:25:44 MDT 2018
# IP Build 2318053 on Mon Oct  1 21:44:26 MDT 2018
# Start of session at: Wed Jan  1 12:13:05 2020
# Process ID: 9656
# Current directory: C:/Users/QYC/Desktop/System_ability_2019/standard_MIPS_CPU/MIPSfpga_axi4_ddr
# Command line: vivado.exe -gui_launcher_event rodinguilauncherevent14032 C:\Users\QYC\Desktop\System_ability_2019\standard_MIPS_CPU\MIPSfpga_axi4_ddr\MIPSfpga_axi4_ddr.xpr
# Log file: C:/Users/QYC/Desktop/System_ability_2019/standard_MIPS_CPU/MIPSfpga_axi4_ddr/vivado.log
# Journal file: C:/Users/QYC/Desktop/System_ability_2019/standard_MIPS_CPU/MIPSfpga_axi4_ddr\vivado.jou
#-----------------------------------------------------------
start_gui
open_project C:/Users/QYC/Desktop/System_ability_2019/standard_MIPS_CPU/MIPSfpga_axi4_ddr/MIPSfpga_axi4_ddr.xpr
update_compile_order -fileset sources_1
open_bd_design {C:/Users/QYC/Desktop/System_ability_2019/standard_MIPS_CPU/MIPSfpga_axi4_ddr/MIPSfpga_axi4_ddr.srcs/sources_1/bd/MIPSfpga_system/MIPSfpga_system.bd}
ipx::edit_ip_in_project -upgrade true -name PWM_Int_4_v1_0_project -directory C:/Users/QYC/Desktop/System_ability_2019/standard_MIPS_CPU/MIPSfpga_axi4_ddr/MIPSfpga_axi4_ddr.tmp/PWM_Int_4_v1_0_project c:/Users/QYC/Desktop/System_ability_2019/standard_MIPS_CPU/ip_repo/PWM_Int_4_1.0/component.xml
update_compile_order -fileset sources_1
current_project MIPSfpga_axi4_ddr
ipx::edit_ip_in_project -upgrade true -name PWM_w_Int_v1_0_project -directory C:/Users/QYC/Desktop/System_ability_2019/standard_MIPS_CPU/MIPSfpga_axi4_ddr/MIPSfpga_axi4_ddr.tmp/PWM_w_Int_v1_0_project c:/Users/QYC/Desktop/System_ability_2019/standard_MIPS_CPU/ip_repo/PWM_w_Int_1.0/component.xml
update_compile_order -fileset sources_1
open_hw
connect_hw_server
open_hw_target
set_property PROGRAM.FILE {C:/Users/QYC/Desktop/System_ability_2019/standard_MIPS_CPU/MIPSfpga_axi4_ddr/MIPSfpga_axi4_ddr.runs/impl_1/MIPSfpga_system_wrapper.bit} [get_hw_devices xc7a100t_0]
current_hw_device [get_hw_devices xc7a100t_0]
refresh_hw_device -update_hw_probes false [lindex [get_hw_devices xc7a100t_0] 0]
current_project MIPSfpga_axi4_ddr
set_property PROBES.FILE {} [get_hw_devices xc7a100t_0]
set_property FULL_PROBES.FILE {} [get_hw_devices xc7a100t_0]
set_property PROGRAM.FILE {C:/Users/QYC/Desktop/System_ability_2019/standard_MIPS_CPU/MIPSfpga_axi4_ddr/MIPSfpga_axi4_ddr.runs/impl_1/MIPSfpga_system_wrapper.bit} [get_hw_devices xc7a100t_0]
program_hw_devices [get_hw_devices xc7a100t_0]
refresh_hw_device [lindex [get_hw_devices xc7a100t_0] 0]
open_bd_design {C:/Users/QYC/Desktop/System_ability_2019/standard_MIPS_CPU/MIPSfpga_axi4_ddr/MIPSfpga_axi4_ddr.srcs/sources_1/bd/MIPSfpga_system/MIPSfpga_system.bd}
set_property PROBES.FILE {} [get_hw_devices xc7a100t_0]
set_property FULL_PROBES.FILE {} [get_hw_devices xc7a100t_0]
set_property PROGRAM.FILE {C:/Users/QYC/Desktop/System_ability_2019/standard_MIPS_CPU/MIPSfpga_axi4_ddr/MIPSfpga_axi4_ddr.runs/impl_1/MIPSfpga_system_wrapper.bit} [get_hw_devices xc7a100t_0]
program_hw_devices [get_hw_devices xc7a100t_0]
refresh_hw_device [lindex [get_hw_devices xc7a100t_0] 0]
set_property PROBES.FILE {} [get_hw_devices xc7a100t_0]
set_property FULL_PROBES.FILE {} [get_hw_devices xc7a100t_0]
set_property PROGRAM.FILE {C:/Users/QYC/Desktop/System_ability_2019/standard_MIPS_CPU/MIPSfpga_axi4_ddr/MIPSfpga_axi4_ddr.runs/impl_1/MIPSfpga_system_wrapper.bit} [get_hw_devices xc7a100t_0]
program_hw_devices [get_hw_devices xc7a100t_0]
refresh_hw_device [lindex [get_hw_devices xc7a100t_0] 0]
set_property PROBES.FILE {} [get_hw_devices xc7a100t_0]
set_property FULL_PROBES.FILE {} [get_hw_devices xc7a100t_0]
set_property PROGRAM.FILE {C:/Users/QYC/Desktop/System_ability_2019/standard_MIPS_CPU/MIPSfpga_axi4_ddr/MIPSfpga_axi4_ddr.runs/impl_1/MIPSfpga_system_wrapper.bit} [get_hw_devices xc7a100t_0]
program_hw_devices [get_hw_devices xc7a100t_0]
refresh_hw_device [lindex [get_hw_devices xc7a100t_0] 0]
set_property PROBES.FILE {} [get_hw_devices xc7a100t_0]
set_property FULL_PROBES.FILE {} [get_hw_devices xc7a100t_0]
set_property PROGRAM.FILE {C:/Users/QYC/Desktop/System_ability_2019/standard_MIPS_CPU/MIPSfpga_axi4_ddr/MIPSfpga_axi4_ddr.runs/impl_1/MIPSfpga_system_wrapper.bit} [get_hw_devices xc7a100t_0]
program_hw_devices [get_hw_devices xc7a100t_0]
refresh_hw_device [lindex [get_hw_devices xc7a100t_0] 0]
open_bd_design {C:/Users/QYC/Desktop/System_ability_2019/standard_MIPS_CPU/MIPSfpga_axi4_ddr/MIPSfpga_axi4_ddr.srcs/sources_1/bd/MIPSfpga_system/MIPSfpga_system.bd}
current_project PWM_Int_4_v1_0_project
close_project
close_project
